// Jest Snapshot v1, https://goo.gl/fbAQLP

exports[`The todo.vue component renders a component 1`] = `
"<form title=\\"Todo-App\\">
  <h1>Todo App</h1><label>Add todo here </label><input type=\\"text\\" required=\\"\\"><button>Add</button>
  <table class=\\"table .table-bordered mt-5\\" align=\\"center\\">
    <thead>
      <tr>
        <th scope=\\"col\\">Task</th>
        <th scope=\\"col\\" class=\\"text-center\\">#</th>
        <th scope=\\"col\\" class=\\"text-center\\">#</th>
      </tr>
    </thead>
    <tbody>
      <tr>
        <td></td>
        <td></td>
        <td><button>finished</button></td>
      </tr>
      <tr>
        <td></td>
        <td></td>
        <td><button>finished</button></td>
      </tr>
    </tbody>
  </table><button>Delete</button>
</form>"
`;
